// Jest Snapshot v1, https://goo.gl/fbAQLP

exports[`Formik Context: Snapshot matches snapshot with reset values 1`] = `
<div>
  <h1>
    2-step Verification
  </h1>
  <p>
    Please enter the 6 digit code sent to your device
  </p>
  <form
    action="#"
    onReset={[Function]}
    onSubmit={[Function]}
  >
    <input
      name="testValue"
      onBlur={[Function]}
      onChange={[Function]}
      type="tel"
    />
  </form>
</div>
`;
